// Jest Snapshot v1, https://goo.gl/fbAQLP

exports[`CityLabel snapshot renders 1`] = `
<p>
   
  London
   
</p>
`;
