// Jest Snapshot v1, https://goo.gl/fbAQLP

exports[`Temperature snapshot renders 1`] = `
<p>
   
  1
  Â°C 
</p>
`;
