// Jest Snapshot v1, https://goo.gl/fbAQLP

exports[`WeatherIcon snapshot renders 1`] = `
<img
  src="http://openweathermap.org/img/wn/50n@2x.png"
/>
`;
